[monetizevideosmotivacionais.shop/index.html]
[backblue.gif]
[fade.gif]
[index.html]
[monetizevideosmotivacionais.shop/wp-content/themes/twentytwentyfive/style5152.css]
[monetizevideosmotivacionais.shop/feed/index.html]
[monetizevideosmotivacionais.shop/wp-content/plugins/elementor/assets/css/frontend.min3dd9.css]
[monetizevideosmotivacionais.shop/comments/feed/index.html]
[monetizevideosmotivacionais.shop/wp-content/uploads/elementor/css/post-5cffb.css]
[monetizevideosmotivacionais.shop/wp-content/plugins/elementor/assets/css/widget-heading.min3dd9.css]
[monetizevideosmotivacionais.shop/wp-content/plugins/elementor/assets/css/widget-text-editor.min3dd9.css]
[monetizevideosmotivacionais.shop/wp-content/plugins/elementor/assets/css/conditionals/shapes.min3dd9.css]
[monetizevideosmotivacionais.shop/wp-content/plugins/elementor/assets/css/widget-divider.min3dd9.css]
[monetizevideosmotivacionais.shop/wp-content/plugins/elementor/assets/lib/animations/styles/e-animation-buzz.min3dd9.css]
[monetizevideosmotivacionais.shop/wp-content/plugins/elementor/assets/lib/swiper/v8/css/swiper.min94a4.css]
[monetizevideosmotivacionais.shop/wp-content/plugins/elementor/assets/css/conditionals/e-swiper.min3dd9.css]
[monetizevideosmotivacionais.shop/wp-content/plugins/elementor/assets/css/widget-image-carousel.min3dd9.css]
[monetizevideosmotivacionais.shop/wp-content/plugins/elementor/assets/css/widget-icon-list.min3dd9.css]
[monetizevideosmotivacionais.shop/wp-content/plugins/elementor/assets/css/widget-toggle.min3dd9.css]
[monetizevideosmotivacionais.shop/wp-content/uploads/elementor/css/post-817c9.css]
[monetizevideosmotivacionais.shop/wp-json/index.html]
[monetizevideosmotivacionais.shop/wp-json/wp/v2/pages/8.json]
[monetizevideosmotivacionais.shop/xmlrpc0db0.php]
[monetizevideosmotivacionais.shop/wp-json/oembed/1.0/embedc082.json]
[monetizevideosmotivacionais.shop/wp-json/oembed/1.0/embeda646]
[analytics.tiktok.com/i18n/pixel/events.js]
[monetizevideosmotivacionais.shop/wp-content/themes/twentytwentyfive/assets/fonts/manrope/Manrope-VariableFont_wght.woff2]
[monetizevideosmotivacionais.shop/wp-content/themes/twentytwentyfive/assets/fonts/fira-code/FiraCode-VariableFont_wght.woff2]
[monetizevideosmotivacionais.shop/wp-content/uploads/2024/12/Design-sem-nome-1-150x150.png]
[monetizevideosmotivacionais.shop/wp-content/uploads/2024/12/Design-sem-nome-1-300x300.png]
[monetizevideosmotivacionais.shop/wp-content/uploads/2024/12/instalive-pro-logo-300x31.png]
[monetizevideosmotivacionais.shop/wp-content/uploads/2024/12/ANONIMO-03-1024x1024.jpg]
[monetizevideosmotivacionais.shop/wp-content/uploads/2024/12/feed-01-512x1024.jpg]
[monetizevideosmotivacionais.shop/wp-content/uploads/2024/12/feed-02-514x1024.jpg]
[monetizevideosmotivacionais.shop/wp-content/uploads/2024/12/IMG_6270-514x1024.jpg]
[monetizevideosmotivacionais.shop/wp-content/uploads/2024/12/IMG_6272-513x1024.jpg]
[monetizevideosmotivacionais.shop/wp-content/uploads/2024/12/ANONIMO-02-768x768.webp]
[monetizevideosmotivacionais.shop/wp-content/uploads/2024/12/satisfacao.png]
[monetizevideosmotivacionais.shop/wp-content/uploads/2024/12/Caixa-1.png]
[monetizevideosmotivacionais.shop/wp-content/uploads/2024/12/Caixa-2.png]
[monetizevideosmotivacionais.shop/wp-content/uploads/2024/12/1.png]
[monetizevideosmotivacionais.shop/wp-content/uploads/2024/12/2.png]
[monetizevideosmotivacionais.shop/wp-content/uploads/2024/12/3.png]
[monetizevideosmotivacionais.shop/wp-content/uploads/2024/12/4.png]
[monetizevideosmotivacionais.shop/wp-content/uploads/2024/12/instalive-pro-logo.png]
[monetizevideosmotivacionais.shop/ofertaexclusiva/index.html]
[connect.facebook.net/en_US/fbevents.js]
[monetizevideosmotivacionais.shop/remodelar-videos-motivacionais/index.html]
[cdn.utmify.com.br/scripts/utms/latest.js]
[monetizevideosmotivacionais.shop/wp-content/plugins/elementor/assets/lib/swiper/v8/swiper.min94a4.js]
[monetizevideosmotivacionais.shop/wp-content/plugins/elementor/assets/js/webpack.runtime.min3dd9.js]
[monetizevideosmotivacionais.shop/wp-includes/js/jquery/jquery.minf43b.js]
[monetizevideosmotivacionais.shop/wp-includes/js/jquery/jquery-migrate.min5589.js]
[monetizevideosmotivacionais.shop/wp-content/plugins/elementor/assets/js/frontend-modules.min3dd9.js]
[monetizevideosmotivacionais.shop/wp-includes/js/jquery/ui/core.minb37e.js]
[monetizevideosmotivacionais.shop/wp-content/plugins/elementor/assets/js/frontend.min3dd9.js]
[monetizevideosmotivacionais.shop/index.html]
[monetizevideosmotivacionais.shop/wp-content/themes/twentytwentyfive/style5152.css]
[monetizevideosmotivacionais.shop/wp-content/plugins/elementor/assets/css/frontend.min3dd9.css]
[monetizevideosmotivacionais.shop/wp-content/uploads/elementor/css/post-5cffb.css]
[monetizevideosmotivacionais.shop/wp-content/plugins/elementor/assets/css/widget-heading.min3dd9.css]
[monetizevideosmotivacionais.shop/wp-content/plugins/elementor/assets/css/widget-text-editor.min3dd9.css]
[monetizevideosmotivacionais.shop/wp-content/plugins/elementor/assets/lib/animations/styles/e-animation-float.min3dd9.css]
[monetizevideosmotivacionais.shop/wp-content/plugins/elementor/assets/css/widget-image.min3dd9.css]
[monetizevideosmotivacionais.shop/wp-content/plugins/elementor/assets/css/conditionals/shapes.min3dd9.css]
[monetizevideosmotivacionais.shop/wp-content/plugins/elementor/assets/css/widget-divider.min3dd9.css]
[monetizevideosmotivacionais.shop/wp-content/plugins/elementor/assets/lib/animations/styles/e-animation-buzz.min3dd9.css]
[monetizevideosmotivacionais.shop/wp-content/plugins/elementor/assets/lib/swiper/v8/css/swiper.min94a4.css]
[monetizevideosmotivacionais.shop/wp-content/plugins/elementor/assets/css/conditionals/e-swiper.min3dd9.css]
[monetizevideosmotivacionais.shop/wp-content/plugins/elementor/assets/css/widget-image-carousel.min3dd9.css]
[monetizevideosmotivacionais.shop/wp-content/plugins/elementor/assets/css/widget-menu-anchor.min3dd9.css]
[monetizevideosmotivacionais.shop/wp-content/plugins/elementor/assets/css/widget-icon-list.min3dd9.css]
[monetizevideosmotivacionais.shop/wp-content/plugins/elementor/assets/css/widget-toggle.min3dd9.css]
[monetizevideosmotivacionais.shop/wp-content/uploads/2024/12/Design-sem-nome-1.jpg]
[monetizevideosmotivacionais.shop/wp-content/uploads/2024/12/66666.png]
[monetizevideosmotivacionais.shop/wp-content/uploads/2024/12/Sem-nome-1080-x-1350-px.jpg]
[monetizevideosmotivacionais.shop/wp-content/uploads/elementor/css/post-817c9.css]
[monetizevideosmotivacionais.shop/wp-content/plugins/elementor/assets/css/widget-spacer.min3dd9.css]
[monetizevideosmotivacionais.shop/wp-content/uploads/elementor/css/post-1466dff.css]
[monetizevideosmotivacionais.shop/wp-json/wp/v2/pages/146.json]
[monetizevideosmotivacionais.shop/wp-json/oembed/1.0/embedcb8e.json]
[monetizevideosmotivacionais.shop/ofertaexclusiva/index.html]
[monetizevideosmotivacionais.shop/wp-json/oembed/1.0/embed61a1]
[monetizevideosmotivacionais.shop/wp-content/uploads/elementor/css/post-216cffb.css]
[monetizevideosmotivacionais.shop/wp-json/wp/v2/pages/216.json]
[monetizevideosmotivacionais.shop/wp-json/oembed/1.0/embed207e.json]
[monetizevideosmotivacionais.shop/wp-json/oembed/1.0/embed4ce0]
[monetizevideosmotivacionais.shop/wp-content/uploads/2025/01/Sem-nome-1080-x-1400-px-3-1.png]
[monetizevideosmotivacionais.shop/wp-content/uploads/2025/01/Sem-nome-1080-x-1400-px-8.png]
[monetizevideosmotivacionais.shop/wp-content/uploads/2025/01/Sem-nome-1080-x-1400-px-9.png]
[monetizevideosmotivacionais.shop/remodelar-videos-motivacionais/index.html]
[monetizevideosmotivacionais.shop/POST]
[monetizevideosmotivacionais.shop/b.resolvedLink]
[monetizevideosmotivacionais.shop/schema.org/index.html]
[monetizevideosmotivacionais.shop/signals/iwl.js]
[monetizevideosmotivacionais.shop/c.dl]
[monetizevideosmotivacionais.shop/c.rl]
[connect.facebook.net/en_US/fbevents.js]
[monetizevideosmotivacionais.shop/t.params.url]
[monetizevideosmotivacionais.shop/wp-content/plugins/elementor/assets/lib/swiper/v8/swiper.min94a4.js]
[monetizevideosmotivacionais.shop/wp-content/plugins/elementor/assets/js/webpack.runtime.min3dd9.js]
[monetizevideosmotivacionais.shop/wp-includes/js/jquery/jquery.minf43b.js]
[monetizevideosmotivacionais.shop/wp-includes/js/jquery/jquery-migrate.min5589.js]
[monetizevideosmotivacionais.shop/wp-content/plugins/elementor/assets/js/frontend-modules.min3dd9.js]
[monetizevideosmotivacionais.shop/wp-includes/js/jquery/ui/core.minb37e.js]
[monetizevideosmotivacionais.shop/-negative.svg]
[monetizevideosmotivacionais.shop/wp-content/plugins/elementor/assets/js/frontend.min3dd9.js]
[monetizevideosmotivacionais.shop/wp-content/plugins/elementor/assets/css/widget-spacer.min3dd9.css]
[monetizevideosmotivacionais.shop/wp-content/plugins/elementor/assets/lib/animations/styles/e-animation-grow.min3dd9.css]
[monetizevideosmotivacionais.shop/wp-content/plugins/elementor/assets/lib/animations/styles/fadeInDown.min3dd9.css]
[monetizevideosmotivacionais.shop/wp-content/uploads/2025/01/Design-sem-nome-1.png]
[monetizevideosmotivacionais.shop/OPR/index.html]
[monetizevideosmotivacionais.shop/wp-content/uploads/2025/01/Sem-nome-1080-x-1400-px.png]
[monetizevideosmotivacionais.shop/wp-content/uploads/elementor/css/post-1466dff.css]
[monetizevideosmotivacionais.shop/indexf488.html]
[monetizevideosmotivacionais.shop/wp-content/uploads/2025/01/Design-sem-nome-2.png]
[monetizevideosmotivacionais.shop/wp-content/uploads/2025/01/Sem-nome-1080-x-1400-px-2.png]
[monetizevideosmotivacionais.shop/wp-content/uploads/elementor/css/post-216cffb.css]
[monetizevideosmotivacionais.shop/index4659.html]
[monetizevideosmotivacionais.shop/index2121.html]
[monetizevideosmotivacionais.shop/POST.html]
[monetizevideosmotivacionais.shop/schema.org/index.html]
[monetizevideosmotivacionais.shop/b.html]
[monetizevideosmotivacionais.shop/signals/iwl.html]
[monetizevideosmotivacionais.shop/c.html]
[monetizevideosmotivacionais.shop/c-2.html]
[monetizevideosmotivacionais.shop/index6991.html]
[monetizevideosmotivacionais.shop/t.params.html]
[monetizevideosmotivacionais.shop/-negative.html]
[monetizevideosmotivacionais.shop/OPR/index.html]
