[matheusbusiness.site/monetizando-com-video-virais/index.html]
[backblue.gif]
[fade.gif]
[index.html]
[matheusbusiness.site/wp-content/themes/twentytwentyfive/style4963.css]
[matheusbusiness.site/wp-content/plugins/elementor/assets/css/frontend.min87cc.css]
[matheusbusiness.site/wp-content/uploads/elementor/css/post-55b8b.css]
[matheusbusiness.site/wp-content/plugins/elementor/assets/css/widget-heading.min87cc.css]
[matheusbusiness.site/wp-content/plugins/elementor/assets/css/widget-divider.min87cc.css]
[matheusbusiness.site/wp-content/plugins/elementor/assets/css/widget-icon-list.min87cc.css]
[matheusbusiness.site/wp-content/plugins/elementor/assets/css/widget-toggle.min87cc.css]
[matheusbusiness.site/wp-content/uploads/elementor/css/post-8abfc.css]
[matheusbusiness.site/wp-content/uploads/elementor/google-fonts/css/roboto714a.css]
[matheusbusiness.site/wp-content/uploads/elementor/google-fonts/css/robotoslaba2e5.css]
[matheusbusiness.site/wp-content/uploads/elementor/google-fonts/css/poppins4a1f.css]
[matheusbusiness.site/wp-content/uploads/elementor/google-fonts/css/montserratbc57.css]
[matheusbusiness.site/wp-includes/js/jquery/jquery.minf43b.js]
[matheusbusiness.site/wp-includes/js/jquery/jquery-migrate.min5589.js]
[matheusbusiness.site/wp-content/plugins/pixelyoursite/dist/scripts/jquery.bind-first-0.2.3.mind1c0.js]
[matheusbusiness.site/wp-content/plugins/pixelyoursite/dist/scripts/js.cookie-2.1.3.min4c71.js]
[matheusbusiness.site/wp-content/plugins/pixelyoursite/dist/scripts/tld.min254d.js]
[matheusbusiness.site/wp-content/plugins/pixelyoursite/dist/scripts/public90e3.js]
[ajax.googleapis.com/ajax/libs/jquery/3.5.1/jquery.min.js]
[matheusbusiness.site/wp-content/uploads/2025/04/05-Modificado-1024x1024.png]
[matheusbusiness.site/wp-content/uploads/2025/04/ChatGPT-Image-10-de-abr.-de-2025-21_33_54-1024x683.png]
[matheusbusiness.site/wp-content/uploads/2025/04/Checkout-Seguro-1.png]
[matheusbusiness.site/wp-content/uploads/2025/04/ANONIMO-03-1024x1024-1.jpg]
[matheusbusiness.site/wp-content/uploads/2025/04/IMG_6272-513x1024-1.jpg]
[matheusbusiness.site/wp-content/uploads/2025/04/IMG_6270-514x1024-1.jpg]
[matheusbusiness.site/wp-content/uploads/2025/04/feed-01-512x1024-2.jpg]
[matheusbusiness.site/wp-content/uploads/2025/04/Selo-de-Garantia-de-30-Dias-PNG-Transparente-Sem-Fundo.png]
[matheusbusiness.site/wp-content/uploads/2025/04/Plano-Basico-1024x1024.png]
[matheusbusiness.site/wp-content/uploads/2025/04/Plano-Exclusivo-1024x1024.png]
[cdn.jsdelivr.net/npm/notiflix@2.6.0/dist/notiflix-aio-2.6.0.min.js]
[cdn.utmify.com.br/scripts/pixel/pixel.js]
[matheusbusiness.site/wp-content/plugins/pro-elements/assets/js/webpack-pro.runtime.mine689.js]
[matheusbusiness.site/wp-content/plugins/elementor/assets/js/webpack.runtime.min87cc.js]
[matheusbusiness.site/wp-content/plugins/elementor/assets/js/frontend-modules.min87cc.js]
[matheusbusiness.site/wp-includes/js/dist/hooks.min4fdd.js]
[matheusbusiness.site/wp-includes/js/dist/i18n.minc33c.js]
[matheusbusiness.site/wp-content/plugins/pro-elements/assets/js/frontend.mine689.js]
[matheusbusiness.site/wp-includes/js/jquery/ui/core.minb37e.js]
[matheusbusiness.site/wp-content/plugins/elementor/assets/js/frontend.min87cc.js]
[matheusbusiness.site/wp-content/plugins/pro-elements/assets/js/elements-handlers.mine689.js]
[matheusbusiness.site/monetizando-com-video-virais/index.html]
[matheusbusiness.site/wp-content/themes/twentytwentyfive/style4963.css]
[matheusbusiness.site/wp-content/plugins/elementor/assets/css/frontend.min87cc.css]
[matheusbusiness.site/wp-content/uploads/elementor/css/post-55b8b.css]
[matheusbusiness.site/wp-content/plugins/elementor/assets/css/widget-heading.min87cc.css]
[matheusbusiness.site/wp-content/plugins/elementor/assets/css/widget-image.min87cc.css]
[matheusbusiness.site/wp-content/plugins/elementor/assets/lib/animations/styles/e-animation-grow.min87cc.css]
[matheusbusiness.site/wp-content/plugins/elementor/assets/css/widget-divider.min87cc.css]
[matheusbusiness.site/wp-content/plugins/elementor/assets/css/widget-icon-list.min87cc.css]
[matheusbusiness.site/wp-content/plugins/elementor/assets/css/widget-toggle.min87cc.css]
[matheusbusiness.site/wp-content/plugins/elementor/assets/images/placeholder.png]
[matheusbusiness.site/wp-content/uploads/elementor/css/post-8abfc.css]
[matheusbusiness.site/wp-content/uploads/elementor/google-fonts/css/roboto714a.css]
[matheusbusiness.site/wp-content/uploads/elementor/google-fonts/css/robotoslaba2e5.css]
[matheusbusiness.site/wp-content/uploads/elementor/google-fonts/css/poppins4a1f.css]
[matheusbusiness.site/wp-content/uploads/elementor/google-fonts/css/montserratbc57.css]
[matheusbusiness.site/wp-includes/js/jquery/jquery.minf43b.js]
[matheusbusiness.site/wp-includes/js/jquery/jquery-migrate.min5589.js]
[matheusbusiness.site/wp-content/plugins/pixelyoursite/dist/scripts/jquery.bind-first-0.2.3.mind1c0.js]
[matheusbusiness.site/wp-content/plugins/pixelyoursite/dist/scripts/js.cookie-2.1.3.min4c71.js]
[matheusbusiness.site/monetizando-com-video-virais/lib/suffix-trie.js]
[matheusbusiness.site/monetizando-com-video-virais/lib/clean-host.js]
[matheusbusiness.site/monetizando-com-video-virais/lib/domain.js]
[matheusbusiness.site/monetizando-com-video-virais/lib/public-suffix.js]
[matheusbusiness.site/monetizando-com-video-virais/lib/subdomain.js]
[matheusbusiness.site/monetizando-com-video-virais/lib/is-valid.js]
[matheusbusiness.site/monetizando-com-video-virais/lib/is-ip.js]
[matheusbusiness.site/monetizando-com-video-virais/lib/tld-exists.js]
[matheusbusiness.site/monetizando-com-video-virais/is-valid.js]
[matheusbusiness.site/monetizando-com-video-virais/from-host.js]
[matheusbusiness.site/wp-content/plugins/pixelyoursite/dist/scripts/tld.min254d.js]
[matheusbusiness.site/wp-content/plugins/pixelyoursite/dist/scripts/public90e3.js]
[matheusbusiness.site/wp-content/plugins/pro-elements/assets/js/webpack-pro.runtime.mine689.js]
[matheusbusiness.site/wp-content/plugins/elementor/assets/js/webpack.runtime.min87cc.js]
[matheusbusiness.site/wp-content/plugins/elementor/assets/js/frontend-modules.min87cc.js]
[matheusbusiness.site/wp-includes/js/dist/hooks.min4fdd.js]
[matheusbusiness.site/wp-includes/js/dist/i18n.minc33c.js]
[matheusbusiness.site/wp-content/plugins/pro-elements/assets/js/frontend.mine689.js]
[matheusbusiness.site/wp-includes/js/jquery/ui/core.minb37e.js]
[connect.facebook.net/en_US/fbevents.js]
[matheusbusiness.site/monetizando-com-video-virais/-negative.svg]
[matheusbusiness.site/wp-content/plugins/elementor/assets/js/frontend.min87cc.js]
[matheusbusiness.site/monetizando-com-video-virais/OPR/index.html]
[matheusbusiness.site/monetizando-com-video-virais/window.location.37.delayed]
[matheusbusiness.site/wp-content/plugins/pro-elements/assets/js/elements-handlers.mine689.js]
[matheusbusiness.site/monetizando-com-video-virais/lib/suffix-trie.html]
[matheusbusiness.site/monetizando-com-video-virais/lib/clean-host.html]
[matheusbusiness.site/monetizando-com-video-virais/lib/domain.html]
[matheusbusiness.site/monetizando-com-video-virais/lib/public-suffix.html]
[matheusbusiness.site/monetizando-com-video-virais/lib/subdomain.html]
[matheusbusiness.site/monetizando-com-video-virais/lib/is-valid.html]
[matheusbusiness.site/monetizando-com-video-virais/lib/is-ip.html]
[matheusbusiness.site/monetizando-com-video-virais/lib/tld-exists.html]
[matheusbusiness.site/monetizando-com-video-virais/is-valid.html]
[matheusbusiness.site/monetizando-com-video-virais/from-host.html]
[matheusbusiness.site/signals/iwl.js]
[connect.facebook.net/en_US/fbevents.js]
[matheusbusiness.site/monetizando-com-video-virais/-negative.html]
[matheusbusiness.site/monetizando-com-video-virais/OPR/index.html]
[matheusbusiness.site/monetizando-com-video-virais/window.location.html]
[matheusbusiness.site/signals/iwl.html]
